Analyzing kindred_work_wellbeing...                             

warning - Unused import: '../screens/home_screen.dart' - lib\src\navigation\app_shell.dart:2:8 - unused_import
warning - Unused import: '../screens/work_screen.dart' - lib\src\navigation\app_shell.dart:4:8 - unused_import
warning - Unused import: '../screens/scanner_screen.dart' - lib\src\navigation\app_shell.dart:5:8 - unused_import
warning - Unused import: '../screens/you_screen.dart' - lib\src\navigation\app_shell.dart:6:8 - unused_import
   info - Use 'const' literals as arguments to constructors of '@immutable' classes - lib\src\navigation\app_shell.dart:49:19 - prefer_const_literals_to_create_immutables
   info - Use 'const' with the constructor to improve performance - lib\src\screens\chat_room_screen.dart:58:21 - prefer_const_constructors
   info - Use 'const' with the constructor to improve performance - lib\src\screens\chat_room_screen.dart:60:18 - prefer_const_constructors
   info - Use 'const' with the constructor to improve performance - lib\src\screens\chat_room_screen.dart:61:20 - prefer_const_constructors
   info - 'withOpacity' is deprecated and shouldn't be used. Use .withValues() to avoid precision loss - lib\src\screens\chat_room_screen.dart:160:35 - deprecated_member_use
   info - Use 'const' with the constructor to improve performance - lib\src\screens\circles_screen.dart:41:33 - prefer_const_constructors
   info - The constant name 'Box_Circle' isn't a lowerCamelCase identifier - lib\src\screens\circles_screen.dart:59:7 - constant_identifier_names
   info - Use 'const' with the constructor to improve performance - lib\src\screens\work_screen.dart:31:41 - prefer_const_constructors
   info - Use 'const' with the constructor to improve performance - lib\src\screens\work_screen.dart:36:41 - prefer_const_constructors
   info - Use 'const' with the constructor to improve performance - lib\src\screens\work_screen.dart:41:41 - prefer_const_constructors
   info - Use 'const' with the constructor to improve performance - lib\src\screens\work_screen.dart:46:41 - prefer_const_constructors
   info - The imported package 'encrypt' isn't a dependency of the importing package - lib\src\services\encryption_service.dart:1:8 - depend_on_referenced_packages
  error - Target of URI doesn't exist: 'package:encrypt/encrypt.dart' - lib\src\services\encryption_service.dart:1:8 - uri_does_not_exist
   info - The imported package 'crypto' isn't a dependency of the importing package - lib\src\services\encryption_service.dart:2:8 - depend_on_referenced_packages
  error - Undefined name 'Key' - lib\src\services\encryption_service.dart:6:23 - undefined_identifier
  error - Undefined name 'IV' - lib\src\services\encryption_service.dart:7:22 - undefined_identifier
  error - The method 'Encrypter' isn't defined for the type 'EncryptionService' - lib\src\services\encryption_service.dart:8:29 - undefined_method
  error - The method 'AES' isn't defined for the type 'EncryptionService' - lib\src\services\encryption_service.dart:8:39 - undefined_method
  error - The name 'MyApp' isn't a class - test\widget_test.dart:16:35 - creation_with_non_type

flutter : 23 
issues found. (ran 
in 1.2s)
At line:1 char:1
+ flutter analyze 
--no-pub > 
errors.txt 2>&1
+ ~~~~~~~~~~~~~~~~~
~~~~~~~~~~~~~~~~~~~
~~~~~~
    + CategoryInfo 
             : No  
  tSpecified: (2   
 3 issues found    
. (ran in 1.2s    
):String) [],     
RemoteExceptio    n
    + FullyQualifi 
   edErrorId : Na  
  tiveCommandErr   
 or
 
